============================= test session starts =============================
platform win32 -- Python 3.14.4, pytest-9.0.3, pluggy-1.6.0 -- C:\Python314\python.exe
cachedir: .pytest_cache
rootdir: C:\Users\LENOVO\Desktop\serialkey\PROJECT_REPAIR - Copy\HMS_py\HMS_py
configfile: pyproject.toml
plugins: anyio-4.14.2, asyncio-1.4.0, cov-7.1.0, timeout-2.4.0
asyncio: mode=Mode.STRICT, debug=False, asyncio_default_fixture_loop_scope=None, asyncio_default_test_loop_scope=function
collecting ... collected 104 items

HMS_py\tests\unit\test_core_validation.py::TestAuthEncryptDecrypt::test_encrypt_decrypt_roundtrip PASSED [  0%]
HMS_py\tests\unit\test_core_validation.py::TestAuthEncryptDecrypt::test_encrypt_different_seeds PASSED [  1%]
HMS_py\tests\unit\test_core_validation.py::TestAuthEncryptDecrypt::test_decrypt_empty_string PASSED [  2%]
HMS_py\tests\unit\test_core_validation.py::TestAuthEncryptDecrypt::test_vb6_sa_password_known PASSED [  3%]
HMS_py\tests\unit\test_core_validation.py::TestPosMenuPermission::test_menu_name_allowed_uses_user_module_srno PASSED [  4%]
HMS_py\tests\unit\test_core_validation.py::TestPosCrudPermission::test_session_insert_rejects_disallowed_user PASSED [  5%]
HMS_py\tests\unit\test_core_validation.py::TestPosKOTHelpers::test_pos_lookups_and_kot_create_roundtrip PASSED [  6%]
HMS_py\tests\unit\test_core_validation.py::TestReservationVoucherBehavior::test_make_docid_uses_supplied_vtype PASSED [  7%]
HMS_py\tests\unit\test_core_validation.py::TestReservationVoucherBehavior::test_list_reservations_accepts_site_argument PASSED [  8%]
HMS_py\tests\unit\test_core_validation.py::TestCountryValidation::test_validate_requires_code PASSED [  9%]
HMS_py\tests\unit\test_core_validation.py::TestCountryValidation::test_validate_requires_name PASSED [ 10%]
HMS_py\tests\unit\test_core_validation.py::TestCountryValidation::test_validate_code_max_length PASSED [ 11%]
HMS_py\tests\unit\test_core_validation.py::TestCountryValidation::test_validate_name_max_length PASSED [ 12%]
HMS_py\tests\unit\test_core_validation.py::TestCountryValidation::test_validate_optional_fields_max_length PASSED [ 13%]
HMS_py\tests\unit\test_core_validation.py::TestCountryValidation::test_validate_valid_record PASSED [ 14%]
HMS_py\tests\unit\test_core_validation.py::TestStateValidation::test_validate_requires_code_and_name PASSED [ 15%]
HMS_py\tests\unit\test_core_validation.py::TestStateValidation::test_validate_max_lengths PASSED [ 16%]
HMS_py\tests\unit\test_core_validation.py::TestCityValidation::test_validate_requires_code_and_name PASSED [ 17%]
HMS_py\tests\unit\test_core_validation.py::TestCityValidation::test_validate_max_lengths PASSED [ 18%]
HMS_py\tests\unit\test_core_validation.py::TestAreaValidation::test_validate_requires_code_name_city PASSED [ 19%]
HMS_py\tests\unit\test_core_validation.py::TestAreaValidation::test_validate_max_lengths PASSED [ 20%]
HMS_py\tests\unit\test_core_validation.py::TestGuestProfValidation::test_validate_requires_code_and_name PASSED [ 21%]
HMS_py\tests\unit\test_core_validation.py::TestGuestProfValidation::test_validate_max_lengths PASSED [ 22%]
HMS_py\tests\unit\test_core_validation.py::TestRoomMasterValidation::test_validate_requires_code_and_name PASSED [ 23%]
HMS_py\tests\unit\test_core_validation.py::TestRoomMasterValidation::test_validate_max_lengths PASSED [ 24%]
HMS_py\tests\unit\test_core_validation.py::TestReservationValidation::test_insert_requires_guest_name PASSED [ 25%]
HMS_py\tests\unit\test_core_validation.py::TestReservationValidation::test_insert_requires_arrival_before_departure PASSED [ 25%]
HMS_py\tests\unit\test_core_validation.py::TestCheckinValidation::test_create_requires_guest_name PASSED [ 26%]
HMS_py\tests\unit\test_core_validation.py::TestCheckinValidation::test_create_requires_arrival_before_departure PASSED [ 27%]
HMS_py\tests\unit\test_core_validation.py::TestCheckoutBalance::test_balance_calculation PASSED [ 28%]
HMS_py\tests\unit\test_core_validation.py::TestCheckoutBalance::test_balance_zero_when_paid PASSED [ 29%]
HMS_py\tests\unit\test_core_validation.py::TestCheckoutBalance::test_balance_negative_when_overpaid PASSED [ 30%]
HMS_py\tests\unit\test_core_validation.py::TestCheckoutBalance::test_checkout_balance_uses_live_paycharge_link_column FAILED [ 31%]
HMS_py\tests\unit\test_core_validation.py::TestCheckoutBalance::test_checkout_and_reverse_checkout_update_roomocc FAILED [ 32%]
HMS_py\tests\unit\test_core_validation.py::TestStockTransferLogic::test_build_transfer_lines_are_balanced_pair PASSED [ 33%]
HMS_py\tests\unit\test_core_validation.py::TestStockTransferLogic::test_build_transfer_rejects_same_godown PASSED [ 34%]
HMS_py\tests\unit\test_core_validation.py::TestStockTransferLogic::test_build_transfer_rejects_zero_qty PASSED [ 35%]
HMS_py\tests\unit\test_core_validation.py::TestStockTransferLogic::test_build_transfer_rejects_negative_qty PASSED [ 36%]
HMS_py\tests\unit\test_core_validation.py::TestStockTransferLogic::test_build_transfer_rejects_missing_item PASSED [ 37%]
HMS_py\tests\unit\test_core_validation.py::TestStockTransferLogic::test_build_transfer_calculates_amount_from_rate PASSED [ 38%]
HMS_py\tests\unit\test_core_validation.py::TestStockTransferLogic::test_build_transfer_preserves_remarks PASSED [ 39%]
HMS_py\tests\unit\test_core_validation.py::TestStockTransferLogic::test_stock_vtypes_mapping PASSED [ 40%]
HMS_py\tests\unit\test_core_validation.py::TestStockTransferLogic::test_stock_transfer_insert_has_matching_params PASSED [ 41%]
HMS_py\tests\unit\test_core_validation.py::TestStockTransferLogic::test_make_docid_format PASSED [ 42%]
HMS_py\tests\unit\test_core_validation.py::TestStockIssueReceipt::test_validate_stock_line_requires_item PASSED [ 43%]
HMS_py\tests\unit\test_core_validation.py::TestStockIssueReceipt::test_validate_stock_line_requires_godown PASSED [ 44%]
HMS_py\tests\unit\test_core_validation.py::TestStockIssueReceipt::test_validate_stock_line_requires_positive_qty PASSED [ 45%]
HMS_py\tests\unit\test_core_validation.py::TestStockIssueReceipt::test_validate_stock_line_rejects_negative_qty PASSED [ 46%]
HMS_py\tests\unit\test_core_validation.py::TestStockIssueReceipt::test_validate_stock_line_valid PASSED [ 47%]
HMS_py\tests\unit\test_core_validation.py::TestStockIssueReceipt::test_stock_vtype_map_has_all_types PASSED [ 48%]
HMS_py\tests\unit\test_core_validation.py::TestStockIssueReceipt::test_stock_issue_uses_rqi_vtype PASSED [ 49%]
HMS_py\tests\unit\test_core_validation.py::TestStockIssueReceipt::test_stock_receive_uses_rqr_vtype PASSED [ 50%]
HMS_py\tests\unit\test_core_validation.py::TestStockIssueReceipt::test_kitchen_stock_issue_uses_ksiss_vtype PASSED [ 50%]
HMS_py\tests\unit\test_core_validation.py::TestDepartValidationExtended::test_validate_kotyn_must_be_yn PASSED [ 51%]
HMS_py\tests\unit\test_core_validation.py::TestDepartValidationExtended::test_validate_pos_must_be_yn PASSED [ 52%]
HMS_py\tests\unit\test_core_validation.py::TestDepartValidationExtended::test_validate_allows_empty_optional_fields PASSED [ 53%]
HMS_py\tests\unit\test_core_validation.py::TestDepartValidationExtended::test_validate_allows_valid_yn_fields PASSED [ 54%]
HMS_py\tests\unit\test_core_validation.py::TestFolioRoomCharge::test_room_charge_gst_calculation PASSED [ 55%]
HMS_py\tests\unit\test_core_validation.py::TestFolioRoomCharge::test_room_charge_gst_different_amounts PASSED [ 56%]
HMS_py\tests\unit\test_core_validation.py::TestDepartValidation::test_validate_requires_code_and_name PASSED [ 57%]
HMS_py\tests\unit\test_core_validation.py::TestDepartValidation::test_validate_max_lengths PASSED [ 58%]
HMS_py\tests\unit\test_core_validation.py::TestNightAuditAndReportIndexMaps::test_night_audit_rr_accepts_hex_index PASSED [ 59%]
HMS_py\tests\unit\test_core_validation.py::TestNightAuditAndReportIndexMaps::test_mat_rep_accepts_hex_index PASSED [ 60%]
HMS_py\tests\unit\test_core_validation.py::TestNightAuditAndReportIndexMaps::test_vat_register_accepts_hex_index PASSED [ 61%]
HMS_py\tests\unit\test_core_validation.py::TestTaxMasterValidation::test_validate_requires_code_and_name PASSED [ 62%]
HMS_py\tests\unit\test_core_validation.py::TestTaxMasterValidation::test_validate_valid_tax PASSED [ 63%]
HMS_py\tests\unit\test_core_validation.py::TestPlanValidation::test_validate_max_lengths PASSED [ 64%]
HMS_py\tests\unit\test_core_validation.py::TestUserMasterValidation::test_validate_requires_username PASSED [ 65%]
HMS_py\tests\unit\test_core_validation.py::TestUserMasterValidation::test_validate_max_lengths PASSED [ 66%]
HMS_py\tests\unit\test_core_validation.py::TestDocIdGeneration::test_reservation_docid_format PASSED [ 67%]
HMS_py\tests\unit\test_core_validation.py::TestDocIdGeneration::test_checkin_docid_format PASSED [ 68%]
HMS_py\tests\unit\test_core_validation.py::TestDocIdGeneration::test_room_charge_docid_format PASSED [ 69%]
HMS_py\tests\unit\test_core_validation.py::TestNextCodeGeneration::test_next_guest_code_format PASSED [ 70%]
HMS_py\tests\unit\test_core_validation.py::TestConfigLoading::test_load_config_returns_dict PASSED [ 71%]
HMS_py\tests\unit\test_core_validation.py::TestConfigLoading::test_load_config_has_defaults PASSED [ 72%]
HMS_py\tests\unit\test_core_validation.py::TestConfigLoading::test_load_config_prefers_project_analysis_ini PASSED [ 73%]
HMS_py\tests\unit\test_core_validation.py::TestQtStartupBootstrap::test_configure_qt_headless_sets_offscreen_when_no_display PASSED [ 74%]
HMS_py\tests\unit\test_core_validation.py::TestMenuStructure::test_roots_returns_list PASSED [ 75%]
HMS_py\tests\unit\test_core_validation.py::TestMenuStructure::test_sidebar_modules_returns_list PASSED [ 75%]
HMS_py\tests\unit\test_core_validation.py::TestMenuStructure::test_main_setup_registry_has_vb6_workbench PASSED [ 76%]
HMS_py\tests\unit\test_core_validation.py::TestMenuStructure::test_marketsegment_list_all_works PASSED [ 77%]
HMS_py\tests\unit\test_core_validation.py::TestMenuStructure::test_printing_setup_uses_analysis_ini_and_enviro PASSED [ 78%]
HMS_py\tests\unit\test_core_validation.py::TestMenuStructure::test_room_display_menu_opens_roomstatus_ui PASSED [ 79%]
HMS_py\tests\unit\test_core_validation.py::TestMenuStructure::test_guest_history_menu_opens_live_viewer PASSED [ 80%]
HMS_py\tests\unit\test_core_validation.py::TestMenuStructure::test_guest_history_query_uses_live_status_fields PASSED [ 81%]
HMS_py\tests\unit\test_core_validation.py::TestCompanyCurrentYear::test_current_year_format PASSED [ 82%]
HMS_py\tests\unit\test_core_validation.py::TestGuestProfCascade::test_update_cascades_to_guestfolio_and_roomocc FAILED [ 83%]
HMS_py\tests\unit\test_core_validation.py::TestCheckoutBalanceGuard::test_checkout_blocks_when_balance_nonzero FAILED [ 84%]
HMS_py\tests\unit\test_core_validation.py::TestCheckoutBalanceGuard::test_checkout_allows_zero_balance FAILED [ 85%]
HMS_py\tests\unit\test_core_validation.py::TestCheckoutClearance::test_clearance_flag_returns_string PASSED [ 86%]
HMS_py\tests\unit\test_core_validation.py::TestCheckoutClearance::test_clearance_disabled_by_default PASSED [ 87%]
HMS_py\tests\unit\test_core_validation.py::TestCheckoutClearance::test_check_clearance_returns_required_keys PASSED [ 88%]
HMS_py\tests\unit\test_core_validation.py::TestCheckoutClearance::test_check_clearance_no_bill_is_cleared PASSED [ 89%]
HMS_py\tests\unit\test_core_validation.py::TestCheckoutClearance::test_clearance_list_returns_list PASSED [ 90%]
HMS_py\tests\unit\test_core_validation.py::TestCheckoutClearance::test_clearance_list_items_have_required_keys PASSED [ 91%]
HMS_py\tests\unit\test_core_validation.py::TestStockRegister::test_stock_register_returns_list PASSED [ 92%]
HMS_py\tests\unit\test_core_validation.py::TestStockRegister::test_stock_register_items_have_required_keys PASSED [ 93%]
HMS_py\tests\unit\test_core_validation.py::TestStockRegister::test_stock_register_filter_by_godown PASSED [ 94%]
HMS_py\tests\unit\test_core_validation.py::TestStockRegister::test_stock_register_filter_by_item PASSED [ 95%]
HMS_py\tests\unit\test_core_validation.py::TestStockRegister::test_stock_balance_returns_list PASSED [ 96%]
HMS_py\tests\unit\test_core_validation.py::TestStockRegister::test_stock_balance_items_have_required_keys PASSED [ 97%]
HMS_py\tests\unit\test_core_validation.py::TestStockRegister::test_stock_movements_returns_list PASSED [ 98%]
HMS_py\tests\unit\test_core_validation.py::TestEInvoiceConfig::test_einvoice_get_returns_dict_or_none PASSED [ 99%]
HMS_py\tests\unit\test_core_validation.py::TestEInvoiceConfig::test_einvoice_upsert_no_crash PASSED [100%]

================================== FAILURES ===================================
__ TestCheckoutBalance.test_checkout_balance_uses_live_paycharge_link_column __
HMS_py\tests\unit\test_core_validation.py:459: in test_checkout_balance_uses_live_paycharge_link_column
    folio_no = checkin.create_checkin(
HMS_py\core\checkin.py:182: in create_checkin
    db.execute(
HMS_py\core\db.py:209: in execute
    cur.execute(sql, params)
E   pyodbc.ProgrammingError: ('The SQL contains 10 parameter markers, but 13 parameters were supplied', 'HY000')

During handling of the above exception, another exception occurred:
HMS_py\tests\unit\test_core_validation.py:470: in test_checkout_balance_uses_live_paycharge_link_column
    checkin.delete_checkin(folio_no)
                           ^^^^^^^^
E   UnboundLocalError: cannot access local variable 'folio_no' where it is not associated with a value
____ TestCheckoutBalance.test_checkout_and_reverse_checkout_update_roomocc ____
HMS_py\tests\unit\test_core_validation.py:483: in test_checkout_and_reverse_checkout_update_roomocc
    folio_no = checkin.create_checkin(
HMS_py\core\checkin.py:182: in create_checkin
    db.execute(
HMS_py\core\db.py:209: in execute
    cur.execute(sql, params)
E   pyodbc.ProgrammingError: ('The SQL contains 10 parameter markers, but 13 parameters were supplied', 'HY000')
_____ TestGuestProfCascade.test_update_cascades_to_guestfolio_and_roomocc _____
HMS_py\tests\unit\test_core_validation.py:1176: in test_update_cascades_to_guestfolio_and_roomocc
    folio_no = checkin.create_checkin(
HMS_py\core\checkin.py:182: in create_checkin
    db.execute(
HMS_py\core\db.py:209: in execute
    cur.execute(sql, params)
E   pyodbc.ProgrammingError: ('The SQL contains 10 parameter markers, but 13 parameters were supplied', 'HY000')
_____ TestCheckoutBalanceGuard.test_checkout_blocks_when_balance_nonzero ______
HMS_py\tests\unit\test_core_validation.py:1222: in test_checkout_blocks_when_balance_nonzero
    folio_no = checkin.create_checkin(
HMS_py\core\checkin.py:182: in create_checkin
    db.execute(
HMS_py\core\db.py:209: in execute
    cur.execute(sql, params)
E   pyodbc.ProgrammingError: ('The SQL contains 10 parameter markers, but 13 parameters were supplied', 'HY000')
_________ TestCheckoutBalanceGuard.test_checkout_allows_zero_balance __________
HMS_py\tests\unit\test_core_validation.py:1254: in test_checkout_allows_zero_balance
    folio_no = checkin.create_checkin(
HMS_py\core\checkin.py:182: in create_checkin
    db.execute(
HMS_py\core\db.py:209: in execute
    cur.execute(sql, params)
E   pyodbc.ProgrammingError: ('The SQL contains 10 parameter markers, but 13 parameters were supplied', 'HY000')
=========================== short test summary info ===========================
FAILED HMS_py\tests\unit\test_core_validation.py::TestCheckoutBalance::test_checkout_balance_uses_live_paycharge_link_column - UnboundLocalError: cannot access local variable 'folio_no' where it is not associated with a value
FAILED HMS_py\tests\unit\test_core_validation.py::TestCheckoutBalance::test_checkout_and_reverse_checkout_update_roomocc - pyodbc.ProgrammingError: ('The SQL contains 10 parameter markers, but 13 parameters were supplied', 'HY000')
FAILED HMS_py\tests\unit\test_core_validation.py::TestGuestProfCascade::test_update_cascades_to_guestfolio_and_roomocc - pyodbc.ProgrammingError: ('The SQL contains 10 parameter markers, but 13 parameters were supplied', 'HY000')
FAILED HMS_py\tests\unit\test_core_validation.py::TestCheckoutBalanceGuard::test_checkout_blocks_when_balance_nonzero - pyodbc.ProgrammingError: ('The SQL contains 10 parameter markers, but 13 parameters were supplied', 'HY000')
FAILED HMS_py\tests\unit\test_core_validation.py::TestCheckoutBalanceGuard::test_checkout_allows_zero_balance - pyodbc.ProgrammingError: ('The SQL contains 10 parameter markers, but 13 parameters were supplied', 'HY000')
======================== 5 failed, 99 passed in 4.69s =========================
